identity_case_00: completed both contexts
identity_case_01: completed both contexts
identity_case_02: completed both contexts
identity_case_03: completed both contexts
identity_case_04: completed both contexts
identity_case_05: completed both contexts
identity_case_06: completed both contexts
identity_case_07: completed both contexts
identity_case_08: completed both contexts
identity_case_09: completed both contexts
identity_case_10: completed both contexts
identity_case_11: completed both contexts
rotation_037_case_00: completed both contexts
rotation_037_case_01: completed both contexts
rotation_037_case_02: completed both contexts
rotation_037_case_03: completed both contexts
rotation_037_case_04: completed both contexts
rotation_037_case_05: completed both contexts
rotation_037_case_06: completed both contexts
rotation_037_case_07: completed both contexts
rotation_037_case_08: completed both contexts
rotation_037_case_09: completed both contexts
rotation_037_case_10: completed both contexts
rotation_037_case_11: completed both contexts
rotation_113_case_00: completed both contexts
rotation_113_case_01: completed both contexts
rotation_113_case_02: completed both contexts
rotation_113_case_03: completed both contexts
rotation_113_case_04: completed both contexts
rotation_113_case_05: completed both contexts
rotation_113_case_06: completed both contexts
rotation_113_case_07: completed both contexts
rotation_113_case_08: completed both contexts
rotation_113_case_09: completed both contexts
rotation_113_case_10: completed both contexts
rotation_113_case_11: completed both contexts
reflection_061_case_00: completed both contexts
reflection_061_case_01: completed both contexts
reflection_061_case_02: completed both contexts
reflection_061_case_03: completed both contexts
reflection_061_case_04: completed both contexts
reflection_061_case_05: completed both contexts
reflection_061_case_06: completed both contexts
reflection_061_case_07: completed both contexts
reflection_061_case_08: completed both contexts
reflection_061_case_09: completed both contexts
reflection_061_case_10: completed both contexts
reflection_061_case_11: completed both contexts
collinear_00: completed both contexts
collinear_01: completed both contexts
collinear_02: completed both contexts
collinear_03: completed both contexts
ambiguity_negative: completed both contexts
ambiguity_positive: completed both contexts
